sotayoshihiro@USERnoMacBook-Air FirstCSharp % dotnet --version
2.2.107
sotayoshihiro@USERnoMacBook-Air FirstCSharp % create/cd
zsh: no such file or directory: create/cd
sotayoshihiro@USERnoMacBook-Air FirstCSharp % dotnet run      
Hello World!
sotayoshihiro@USERnoMacBook-Air FirstCSharp % dotnet build 
Microsoft (R) Build Engine version 15.9.20+g88f5fadfbe for .NET Core
Copyright (C) Microsoft Corporation. All rights reserved.

  Restore completed in 38.5 ms for /Users/sotayoshihiro/Documents/codingDojoSeattle/codingDOJO_C#_stack/FirstCSharp/FirstCSharp.csproj.
  FirstCSharp -> /Users/sotayoshihiro/Documents/codingDojoSeattle/codingDOJO_C#_stack/FirstCSharp/bin/Debug/netcoreapp2.2/FirstCSharp.dll

Build succeeded.
    0 Warning(s)
    0 Error(s)

Time Elapsed 00:00:01.02
sotayoshihiro@USERnoMacBook-Air FirstCSharp % ls
FirstCSharp.csproj	bin
Program.cs		obj
sotayoshihiro@USERnoMacBook-Air FirstCSharp % dotnet

Usage: dotnet [options]
Usage: dotnet [path-to-application]

Options:
  -h|--help         Display help.
  --info            Display .NET Core information.
  --list-sdks       Display the installed SDKs.
  --list-runtimes   Display the installed runtimes.

path-to-application:
  The path to an application .dll file to execute.
sotayoshihiro@USERnoMacBook-Air FirstCSharp % dotnet run
Hello World!